File
Size
Device
Access
Access
Modify
Change
Birth
