errorfile
cat: moms_spaghetti: No such file or directory
